// Jest Snapshot v1, https://goo.gl/fbAQLP


exports[`render SimpleIcon component 1`] = `
<View
  style={
    Object {
      "overflow": "hidden",
    }
  }
>
  <View>
    <View
      style={
        Object {
          "alignItems": "center",
          "backgroundColor": "transparent",
          "justifyContent": "center",
        }
      }
    >
      <Text />
    </View>
  </View>
</View>
`;
